// Jest Snapshot v1, https://goo.gl/fbAQLP

exports[`renders date picker component 1`] = `null`;
