// Jest Snapshot v1, https://goo.gl/fbAQLP

exports[`renders date picker component web 1`] = `null`;
