// Jest Snapshot v1, https://goo.gl/fbAQLP

exports[`renders field radio button 1`] = `
<View
  accessible={true}
  focusable={true}
  onClick={[Function]}
  onResponderGrant={[Function]}
  onResponderMove={[Function]}
  onResponderRelease={[Function]}
  onResponderTerminate={[Function]}
  onResponderTerminationRequest={[Function]}
  onStartShouldSetResponder={[Function]}
  style={
    Object {
      "opacity": 1,
    }
  }
>
  <View>
    <View
      style={
        Object {
          "flexDirection": "row",
        }
      }
    >
      <View
        accessibilityRole="button"
        accessibilityState={
          Object {
            "disabled": false,
          }
        }
        accessible={true}
        focusable={true}
        hitSlop={
          Object {
            "bottom": 6,
            "left": 6,
            "right": 6,
            "top": 6,
          }
        }
        onClick={[Function]}
        onResponderGrant={[Function]}
        onResponderMove={[Function]}
        onResponderRelease={[Function]}
        onResponderTerminate={[Function]}
        onResponderTerminationRequest={[Function]}
        onStartShouldSetResponder={[Function]}
        style={
          Object {
            "alignItems": "center",
            "justifyContent": "center",
            "opacity": 1,
          }
        }
      >
        <View>
          <View />
        </View>
      </View>
      <Text
        style={
          Array [
            Object {
              "backgroundColor": "transparent",
              "fontFamily": "System",
              "fontSize": 16,
              "fontWeight": "400",
              "letterSpacing": 0,
              "lineHeight": 26,
            },
            Object {
              "color": "rgba(90, 69, 255, 1)",
              "marginLeft": 12,
            },
          ]
        }
      />
    </View>
  </View>
</View>
`;
