// Jest Snapshot v1, https://goo.gl/fbAQLP

exports[`renders icon 1`] = `null`;
