// Jest Snapshot v1, https://goo.gl/fbAQLP

exports[`renders icon button 1`] = `
<View
  accessibilityRole="button"
  accessibilityState={
    Object {
      "disabled": false,
    }
  }
  accessible={true}
  focusable={true}
  hitSlop={
    Object {
      "bottom": 6,
      "left": 6,
      "right": 6,
      "top": 6,
    }
  }
  onClick={[Function]}
  onResponderGrant={[Function]}
  onResponderMove={[Function]}
  onResponderRelease={[Function]}
  onResponderTerminate={[Function]}
  onResponderTerminationRequest={[Function]}
  onStartShouldSetResponder={[Function]}
  style={
    Object {
      "alignItems": "center",
      "justifyContent": "center",
      "opacity": 1,
    }
  }
>
  <View>
    <View />
  </View>
</View>
`;
