// Jest Snapshot v1, https://goo.gl/fbAQLP

exports[`renders portal consumer 1`] = `null`;
