// Jest Snapshot v1, https://goo.gl/fbAQLP

exports[`renders portal manager 1`] = `null`;
