// Jest Snapshot v1, https://goo.gl/fbAQLP

exports[`renders portal host 1`] = `
<View
  collapsable={false}
  pointerEvents="box-none"
  style={
    Object {
      "flex": 1,
    }
  }
>
  <View />
</View>
`;
