// Jest Snapshot v1, https://goo.gl/fbAQLP

exports[`renders portal 1`] = `null`;
