// Jest Snapshot v1, https://goo.gl/fbAQLP

exports[`renders divider 1`] = `
<View
  style={
    Array [
      Object {
        "alignItems": "center",
        "flexDirection": "row",
        "justifyContent": "space-between",
      },
      Object {
        "padding": 16,
      },
      undefined,
    ]
  }
>
  <View
    style={
      Object {
        "flex": 1,
        "flexDirection": "row",
      }
    }
  >
    <View
      style={
        Object {
          "flex": 1,
          "justifyContent": "center",
        }
      }
    >
      <Text
        numberOfLines={1}
        style={
          Array [
            Object {
              "backgroundColor": "transparent",
              "fontFamily": "System",
              "fontSize": 16,
              "fontWeight": "400",
              "letterSpacing": 0,
              "lineHeight": 26,
            },
            Object {
              "color": "rgba(70, 78, 88, 1)",
            },
          ]
        }
      />
    </View>
  </View>
</View>
`;
