// Jest Snapshot v1, https://goo.gl/fbAQLP

exports[`renders star rating 1`] = `
<View
  style={
    Array [
      Object {
        "alignItems": "center",
        "flexDirection": "row",
      },
      undefined,
    ]
  }
/>
`;
